[    0.000000] Linux version 4.15.0-124-generic (buildd@lgw01-amd64-029) (gcc version 7.5.0 (Ubuntu 7.5.0-3ubuntu1~18.04)) #127-Ubuntu SMP Fri Nov 6 10:54:43 UTC 2020 (Ubuntu 4.15.0-124.127-generic 4.15.18)
[    0.000000] Command line: BOOT_IMAGE=/boot/vmlinuz-4.15.0-124-generic root=LABEL=cloudimg-rootfs ro console=tty1 console=ttyS0
[    0.000000] KERNEL supported cpus:
[    0.000000]   Intel GenuineIntel
[    0.000000]   AMD AuthenticAMD
[    0.000000]   Centaur CentaurHauls
[    0.000000] x86/fpu: x87 FPU will use FXSAVE
[    0.000000] e820: BIOS-provided physical RAM map:
[    0.000000] BIOS-e820: [mem 0x0000000000000000-0x000000000009fbff] usable
[    0.000000] BIOS-e820: [mem 0x000000000009fc00-0x000000000009ffff] reserved
[    0.000000] BIOS-e820: [mem 0x00000000000f0000-0x00000000000fffff] reserved
[    0.000000] BIOS-e820: [mem 0x0000000000100000-0x000000003ffeffff] usable
[    0.000000] BIOS-e820: [mem 0x000000003fff0000-0x000000003fffffff] ACPI data
[    0.000000] BIOS-e820: [mem 0x00000000fec00000-0x00000000fec00fff] reserved
[    0.000000] BIOS-e820: [mem 0x00000000fee00000-0x00000000fee00fff] reserved
[    0.000000] BIOS-e820: [mem 0x00000000fffc0000-0x00000000ffffffff] reserved
[    0.000000] NX (Execute Disable) protection: active
[    0.000000] SMBIOS 2.5 present.
[    0.000000] DMI: innotek GmbH VirtualBox/VirtualBox, BIOS VirtualBox 12/01/2006
[    0.000000] Hypervisor detected: KVM
[    0.000000] e820: last_pfn = 0x3fff0 max_arch_pfn = 0x400000000
[    0.000000] MTRR: Disabled
[    0.000000] x86/PAT: MTRRs disabled, skipping PAT initialization too.
[    0.000000] CPU MTRRs all blank - virtualized system.
[    0.000000] x86/PAT: Configuration [0-7]: WB  WT  UC- UC  WB  WT  UC- UC  
[    0.000000] found SMP MP-table at [mem 0x0009fff0-0x0009ffff]
[    0.000000] Scanning 1 areas for low memory corruption
[    0.000000] RAMDISK: [mem 0x35a65000-0x36d29fff]
[    0.000000] ACPI: Early table checksum verification disabled
[    0.000000] ACPI: RSDP 0x00000000000E0000 000024 (v02 VBOX  )
[    0.000000] ACPI: XSDT 0x000000003FFF0030 00003C (v01 VBOX   VBOXXSDT 00000001 ASL  00000061)
[    0.000000] ACPI: FACP 0x000000003FFF00F0 0000F4 (v04 VBOX   VBOXFACP 00000001 ASL  00000061)
[    0.000000] ACPI: DSDT 0x000000003FFF0470 002325 (v02 VBOX   VBOXBIOS 00000002 INTL 20100528)
[    0.000000] ACPI: FACS 0x000000003FFF0200 000040
[    0.000000] ACPI: FACS 0x000000003FFF0200 000040
[    0.000000] ACPI: APIC 0x000000003FFF0240 00005C (v02 VBOX   VBOXAPIC 00000001 ASL  00000061)
[    0.000000] ACPI: SSDT 0x000000003FFF02A0 0001CC (v01 VBOX   VBOXCPUT 00000002 INTL 20100528)
[    0.000000] No NUMA configuration found
[    0.000000] Faking a node at [mem 0x0000000000000000-0x000000003ffeffff]
[    0.000000] NODE_DATA(0) allocated [mem 0x3ffc5000-0x3ffeffff]
[    0.000000] kvm-clock: cpu 0, msr 0:3ff44001, primary cpu clock
[    0.000000] kvm-clock: Using msrs 4b564d01 and 4b564d00
[    0.000000] kvm-clock: using sched offset of 4787208045 cycles
[    0.000000] clocksource: kvm-clock: mask: 0xffffffffffffffff max_cycles: 0x1cd42e4dffb, max_idle_ns: 881590591483 ns
[    0.000000] Zone ranges:
[    0.000000]   DMA      [mem 0x0000000000001000-0x0000000000ffffff]
[    0.000000]   DMA32    [mem 0x0000000001000000-0x000000003ffeffff]
[    0.000000]   Normal   empty
[    0.000000]   Device   empty
[    0.000000] Movable zone start for each node
[    0.000000] Early memory node ranges
[    0.000000]   node   0: [mem 0x0000000000001000-0x000000000009efff]
[    0.000000]   node   0: [mem 0x0000000000100000-0x000000003ffeffff]
[    0.000000] Reserved but unavailable: 98 pages
[    0.000000] Initmem setup node 0 [mem 0x0000000000001000-0x000000003ffeffff]
[    0.000000] ACPI: PM-Timer IO Port: 0x4008
[    0.000000] IOAPIC[0]: apic_id 2, version 32, address 0xfec00000, GSI 0-23
[    0.000000] ACPI: INT_SRC_OVR (bus 0 bus_irq 0 global_irq 2 dfl dfl)
[    0.000000] ACPI: INT_SRC_OVR (bus 0 bus_irq 9 global_irq 9 low level)
[    0.000000] Using ACPI (MADT) for SMP configuration information
[    0.000000] smpboot: Allowing 2 CPUs, 0 hotplug CPUs
[    0.000000] PM: Registered nosave memory: [mem 0x00000000-0x00000fff]
[    0.000000] PM: Registered nosave memory: [mem 0x0009f000-0x0009ffff]
[    0.000000] PM: Registered nosave memory: [mem 0x000a0000-0x000effff]
[    0.000000] PM: Registered nosave memory: [mem 0x000f0000-0x000fffff]
[    0.000000] e820: [mem 0x40000000-0xfebfffff] available for PCI devices
[    0.000000] Booting paravirtualized kernel on KVM
[    0.000000] clocksource: refined-jiffies: mask: 0xffffffff max_cycles: 0xffffffff, max_idle_ns: 7645519600211568 ns
[    0.000000] random: get_random_bytes called from start_kernel+0x99/0x500 with crng_init=0
[    0.000000] setup_percpu: NR_CPUS:8192 nr_cpumask_bits:2 nr_cpu_ids:2 nr_node_ids:1
[    0.000000] percpu: Embedded 45 pages/cpu s147456 r8192 d28672 u1048576
[    0.000000] PV qspinlock hash table entries: 256 (order: 0, 4096 bytes)
[    0.000000] Built 1 zonelists, mobility grouping on.  Total pages: 257913
[    0.000000] Policy zone: DMA32
[    0.000000] Kernel command line: BOOT_IMAGE=/boot/vmlinuz-4.15.0-124-generic root=LABEL=cloudimg-rootfs ro console=tty1 console=ttyS0
[    0.000000] Memory: 983028K/1048120K available (12300K kernel code, 2482K rwdata, 4272K rodata, 2436K init, 2724K bss, 65092K reserved, 0K cma-reserved)
[    0.000000] SLUB: HWalign=64, Order=0-3, MinObjects=0, CPUs=2, Nodes=1
[    0.000000] ftrace: allocating 39402 entries in 154 pages
[    0.004000] Hierarchical RCU implementation.
[    0.004000] 	RCU restricting CPUs from NR_CPUS=8192 to nr_cpu_ids=2.
[    0.004000] 	Tasks RCU enabled.
[    0.004000] RCU: Adjusting geometry for rcu_fanout_leaf=16, nr_cpu_ids=2
[    0.004000] NR_IRQS: 524544, nr_irqs: 440, preallocated irqs: 16
[    0.004000] Console: colour VGA+ 80x25
[    0.004000] console [tty1] enabled
[    0.004000] console [ttyS0] enabled
[    0.004000] ACPI: Core revision 20170831
[    0.004000] ACPI: 2 ACPI AML tables successfully acquired and loaded
[    0.004000] APIC: Switch to symmetric I/O mode setup
[    0.004000] ..TIMER: vector=0x30 apic1=0 pin1=2 apic2=-1 pin2=-1
[    0.004004] tsc: Detected 2112.006 MHz processor
[    0.006865] Calibrating delay loop (skipped) preset value.. 4224.01 BogoMIPS (lpj=8448024)
[    0.008007] pid_max: default: 32768 minimum: 301
[    0.010477] Security Framework initialized
[    0.012000] Yama: becoming mindful.
[    0.012216] AppArmor: AppArmor initialized
[    0.021656] Dentry cache hash table entries: 131072 (order: 8, 1048576 bytes)
[    0.030553] Inode-cache hash table entries: 65536 (order: 7, 524288 bytes)
[    0.032108] Mount-cache hash table entries: 2048 (order: 2, 16384 bytes)
[    0.036068] Mountpoint-cache hash table entries: 2048 (order: 2, 16384 bytes)
[    0.041426] Last level iTLB entries: 4KB 64, 2MB 8, 4MB 8
[    0.044008] Last level dTLB entries: 4KB 64, 2MB 0, 4MB 0, 1GB 4
[    0.048008] Spectre V1 : Mitigation: usercopy/swapgs barriers and __user pointer sanitization
[    0.052003] Spectre V2 : Mitigation: Enhanced IBRS
[    0.056018] Spectre V2 : Spectre v2 / SpectreRSB mitigation: Filling RSB on context switch
[    0.060006] Speculative Store Bypass: Vulnerable
[    0.064039] MDS: Mitigation: Clear CPU buffers
[    0.068173] Freeing SMP alternatives memory: 36K
[    0.188330] smpboot: CPU0: Intel(R) Core(TM) i5-10210U CPU @ 1.60GHz (family: 0x6, model: 0x8e, stepping: 0xc)
[    0.192418] Performance Events: unsupported p6 CPU model 142 no PMU driver, software events only.
[    0.196131] Hierarchical SRCU implementation.
[    0.200754] NMI watchdog: Perf event create on CPU 0 failed with -2
[    0.204009] NMI watchdog: Perf NMI watchdog permanently disabled
[    0.208291] smp: Bringing up secondary CPUs ...
[    0.212405] x86: Booting SMP configuration:
[    0.214624] .... node  #0, CPUs:      #1
[    0.004000] kvm-clock: cpu 1, msr 0:3ff44041, secondary cpu clock
[    0.223253] TSC synchronization [CPU#0 -> CPU#1]:
[    0.224000] Measured 50400 cycles TSC warp between CPUs, turning off TSC clock.
[    0.224000] tsc: Marking TSC unstable due to check_tsc_sync_source failed
[    0.232068] smp: Brought up 1 node, 2 CPUs
[    0.235404] smpboot: Max logical packages: 1
[    0.236014] smpboot: Total of 2 processors activated (8448.02 BogoMIPS)
[    0.244409] devtmpfs: initialized
[    0.246458] x86/mm: Memory block size: 128MB
[    0.248430] evm: security.selinux
[    0.252010] evm: security.SMACK64
[    0.256015] evm: security.SMACK64EXEC
[    0.260009] evm: security.SMACK64TRANSMUTE
[    0.264004] evm: security.SMACK64MMAP
[    0.266020] evm: security.apparmor
[    0.268005] evm: security.ima
[    0.272009] evm: security.capability
[    0.276588] clocksource: jiffies: mask: 0xffffffff max_cycles: 0xffffffff, max_idle_ns: 7645041785100000 ns
[    0.280017] futex hash table entries: 512 (order: 3, 32768 bytes)
[    0.288344] pinctrl core: initialized pinctrl subsystem
[    0.292322] RTC time: 14:16:36, date: 12/02/20
[    0.296443] NET: Registered protocol family 16
[    0.298919] audit: initializing netlink subsys (disabled)
[    0.300277] audit: type=2000 audit(1606918602.797:1): state=initialized audit_enabled=0 res=1
[    0.308029] cpuidle: using governor ladder
[    0.312011] cpuidle: using governor menu
[    0.314225] ACPI: bus type PCI registered
[    0.316016] acpiphp: ACPI Hot Plug PCI Controller Driver version: 0.5
[    0.320356] PCI: Using configuration type 1 for base access
[    0.325694] HugeTLB registered 2.00 MiB page size, pre-allocated 0 pages
[    0.332523] ACPI: Added _OSI(Module Device)
[    0.336097] ACPI: Added _OSI(Processor Device)
[    0.338251] ACPI: Added _OSI(3.0 _SCP Extensions)
[    0.340012] ACPI: Added _OSI(Processor Aggregator Device)
[    0.344027] ACPI: Added _OSI(Linux-Dell-Video)
[    0.348010] ACPI: Added _OSI(Linux-Lenovo-NV-HDMI-Audio)
[    0.352007] ACPI: Added _OSI(Linux-HPI-Hybrid-Graphics)
[    0.356578] ACPI: Executed 1 blocks of module-level executable AML code
[    0.368694] ACPI: Interpreter enabled
[    0.370649] ACPI: (supports S0 S5)
[    0.372004] ACPI: Using IOAPIC for interrupt routing
[    0.374776] PCI: Using host bridge windows from ACPI; if necessary, use "pci=nocrs" and report a bug
[    0.376171] ACPI: Enabled 2 GPEs in block 00 to 07
[    0.391006] ACPI: PCI Root Bridge [PCI0] (domain 0000 [bus 00-ff])
[    0.392018] acpi PNP0A03:00: _OSC: OS supports [ASPM ClockPM Segments MSI]
[    0.396632] acpi PNP0A03:00: _OSC: not requesting OS control; OS requires [ExtendedConfig ASPM ClockPM MSI]
[    0.400027] acpi PNP0A03:00: fail to add MMCONFIG information, can't access extended PCI configuration space under this bridge.
[    0.404474] PCI host bridge to bus 0000:00
[    0.408011] pci_bus 0000:00: root bus resource [io  0x0000-0x0cf7 window]
[    0.412015] pci_bus 0000:00: root bus resource [io  0x0d00-0xffff window]
[    0.416010] pci_bus 0000:00: root bus resource [mem 0x000a0000-0x000bffff window]
[    0.420007] pci_bus 0000:00: root bus resource [mem 0x40000000-0xfdffffff window]
[    0.424012] pci_bus 0000:00: root bus resource [bus 00-ff]
[    0.434851] pci 0000:00:01.1: legacy IDE quirk: reg 0x10: [io  0x01f0-0x01f7]
[    0.436010] pci 0000:00:01.1: legacy IDE quirk: reg 0x14: [io  0x03f6]
[    0.440005] pci 0000:00:01.1: legacy IDE quirk: reg 0x18: [io  0x0170-0x0177]
[    0.444004] pci 0000:00:01.1: legacy IDE quirk: reg 0x1c: [io  0x0376]
[    0.508663] pci 0000:00:07.0: quirk: [io  0x4000-0x403f] claimed by PIIX4 ACPI
[    0.512017] pci 0000:00:07.0: quirk: [io  0x4100-0x410f] claimed by PIIX4 SMB
[    0.532658] ACPI: PCI Interrupt Link [LNKA] (IRQs 5 9 10 *11)
[    0.536356] ACPI: PCI Interrupt Link [LNKB] (IRQs 5 9 *10 11)
[    0.544200] ACPI: PCI Interrupt Link [LNKC] (IRQs 5 *9 10 11)
[    0.552122] ACPI: PCI Interrupt Link [LNKD] (IRQs 5 9 10 *11)
[    0.560599] SCSI subsystem initialized
[    0.564155] pci 0000:00:02.0: vgaarb: setting as boot VGA device
[    0.567094] pci 0000:00:02.0: vgaarb: VGA device added: decodes=io+mem,owns=io+mem,locks=none
[    0.580008] pci 0000:00:02.0: vgaarb: bridge control possible
[    0.584003] vgaarb: loaded
[    0.588060] ACPI: bus type USB registered
[    0.592033] usbcore: registered new interface driver usbfs
[    0.600036] usbcore: registered new interface driver hub
[    0.608098] usbcore: registered new device driver usb
[    0.612170] EDAC MC: Ver: 3.0.0
[    0.620187] PCI: Using ACPI for IRQ routing
[    0.624397] NetLabel: Initializing
[    0.628011] NetLabel:  domain hash size = 128
[    0.636006] NetLabel:  protocols = UNLABELED CIPSOv4 CALIPSO
[    0.648029] NetLabel:  unlabeled traffic allowed by default
[    0.656101] clocksource: Switched to clocksource kvm-clock
[    0.711299] VFS: Disk quotas dquot_6.6.0
[    0.715839] VFS: Dquot-cache hash table entries: 512 (order 0, 4096 bytes)
[    0.721046] AppArmor: AppArmor Filesystem Enabled
[    0.724213] pnp: PnP ACPI init
[    0.727487] pnp: PnP ACPI: found 3 devices
[    0.737623] clocksource: acpi_pm: mask: 0xffffff max_cycles: 0xffffff, max_idle_ns: 2085701024 ns
[    0.744767] NET: Registered protocol family 2
[    0.747402] TCP established hash table entries: 8192 (order: 4, 65536 bytes)
[    0.752384] TCP bind hash table entries: 8192 (order: 5, 131072 bytes)
[    0.755827] TCP: Hash tables configured (established 8192 bind 8192)
[    0.761427] UDP hash table entries: 512 (order: 2, 16384 bytes)
[    0.764578] UDP-Lite hash table entries: 512 (order: 2, 16384 bytes)
[    0.767674] NET: Registered protocol family 1
[    0.770664] pci 0000:00:00.0: Limiting direct PCI/PCI transfers
[    0.774544] pci 0000:00:01.0: Activating ISA DMA hang workarounds
[    0.779148] pci 0000:00:02.0: Video device with shadowed ROM at [mem 0x000c0000-0x000dffff]
[    0.784606] Unpacking initramfs...
[    1.408113] Freeing initrd memory: 19220K
[    1.415633] clocksource: tsc: mask: 0xffffffffffffffff max_cycles: 0x1e717e40680, max_idle_ns: 440795297614 ns
[    1.423499] platform rtc_cmos: registered platform RTC device (no PNP device found)
[    1.431048] Scanning for low memory corruption every 60 seconds
[    1.438362] Initialise system trusted keyrings
[    1.443171] Key type blacklist registered
[    1.447657] workingset: timestamp_bits=36 max_order=18 bucket_order=0
[    1.460809] zbud: loaded
[    1.464651] squashfs: version 4.0 (2009/01/31) Phillip Lougher
[    1.470166] fuse init (API version 7.26)
[    1.497666] Key type asymmetric registered
[    1.499902] Asymmetric key parser 'x509' registered
[    1.503372] Block layer SCSI generic (bsg) driver version 0.4 loaded (major 246)
[    1.509649] io scheduler noop registered
[    1.512371] io scheduler deadline registered
[    1.514723] io scheduler cfq registered (default)
[    1.518430] ACPI: AC Adapter [AC] (on-line)
[    1.521020] input: Power Button as /devices/LNXSYSTM:00/LNXPWRBN:00/input/input0
[    1.525614] ACPI: Power Button [PWRF]
[    1.527869] input: Sleep Button as /devices/LNXSYSTM:00/LNXSLPBN:00/input/input1
[    1.532996] ACPI: Sleep Button [SLPF]
[    1.535650] Serial: 8250/16550 driver, 32 ports, IRQ sharing enabled
[    1.536603] ACPI: Battery Slot [BAT0] (battery present)
[    1.567596] 00:02: ttyS0 at I/O 0x3f8 (irq = 4, base_baud = 115200) is a 16550A
[    1.577522] Linux agpgart interface v0.103
[    1.583226] loop: module loaded
[    1.587250] scsi host0: ata_piix
[    1.589783] scsi host1: ata_piix
[    1.591866] ata1: PATA max UDMA/33 cmd 0x1f0 ctl 0x3f6 bmdma 0xd000 irq 14
[    1.597107] ata2: PATA max UDMA/33 cmd 0x170 ctl 0x376 bmdma 0xd008 irq 15
[    1.601677] libphy: Fixed MDIO Bus: probed
[    1.604878] tun: Universal TUN/TAP device driver, 1.6
[    1.607327] PPP generic driver version 2.4.2
[    1.611565] ehci_hcd: USB 2.0 'Enhanced' Host Controller (EHCI) Driver
[    1.615882] ehci-pci: EHCI PCI platform driver
[    1.621197] ehci-platform: EHCI generic platform driver
[    1.625355] ohci_hcd: USB 1.1 'Open' Host Controller (OHCI) Driver
[    1.630614] ohci-pci: OHCI PCI platform driver
[    1.633946] ohci-platform: OHCI generic platform driver
[    1.638808] uhci_hcd: USB Universal Host Controller Interface driver
[    1.645665] i8042: PNP: PS/2 Controller [PNP0303:PS2K,PNP0f03:PS2M] at 0x60,0x64 irq 1,12
[    1.653388] serio: i8042 KBD port at 0x60,0x64 irq 1
[    1.657629] serio: i8042 AUX port at 0x60,0x64 irq 12
[    1.662654] mousedev: PS/2 mouse device common for all mice
[    1.667727] input: AT Translated Set 2 keyboard as /devices/platform/i8042/serio0/input/input2
[    1.675214] rtc_cmos rtc_cmos: rtc core: registered rtc_cmos as rtc0
[    1.680677] rtc_cmos rtc_cmos: alarms up to one day, 114 bytes nvram
[    1.683989] i2c /dev entries driver
[    1.685997] device-mapper: uevent: version 1.0.3
[    1.688442] device-mapper: ioctl: 4.37.0-ioctl (2017-09-20) initialised: dm-devel@redhat.com
[    1.694489] ledtrig-cpu: registered to indicate activity on CPUs
[    1.699349] NET: Registered protocol family 10
[    1.710489] Segment Routing with IPv6
[    1.713085] NET: Registered protocol family 17
[    1.715942] Key type dns_resolver registered
[    1.719998] mce: Using 0 MCE banks
[    1.723724] RAS: Correctable Errors collector initialized.
[    1.728483] sched_clock: Marking stable (1728420179, 0)->(2341907160, -613486981)
[    1.735962] registered taskstats version 1
[    1.738261] Loading compiled-in X.509 certificates
[    1.746545] Loaded X.509 cert 'Build time autogenerated kernel key: be62403dcace2d46f96dafa9f42421c610ef3c2a'
[    1.751544] zswap: loaded using pool lzo/zbud
[    1.763980] Key type big_key registered
[    1.768121] Key type trusted registered
[    1.824513] Key type encrypted registered
[    1.828732] AppArmor: AppArmor sha1 policy hashing enabled
[    1.831863] ima: No TPM chip found, activating TPM-bypass! (rc=-19)
[    1.836371] ima: Allocated hash algorithm: sha1
[    1.838986] evm: HMAC attrs: 0x1
[    1.841190]   Magic number: 0:391:282
[    1.845528] tty tty19: hash matches
[    1.848984] rtc_cmos rtc_cmos: setting system clock to 2020-12-02 14:16:38 UTC (1606918598)
[    1.855020] BIOS EDD facility v0.16 2004-Jun-25, 0 devices found
[    1.858636] EDD information not available.
[    1.865481] Freeing unused kernel image memory: 2436K
[    1.884544] Write protecting the kernel read-only data: 20480k
[    1.889605] Freeing unused kernel image memory: 2008K
[    1.894002] Freeing unused kernel image memory: 1872K
[    1.903504] x86/mm: Checked W+X mappings: passed, no W+X pages found.
Loading, please wait...
starting version 237
[    2.019912] Fusion MPT base driver 3.04.20
[    2.022190] Copyright (c) 1999-2008 LSI Corporation
[    2.072588] e1000: Intel(R) PRO/1000 Network Driver - version 7.3.21-k8-NAPI
[    2.079737] e1000: Copyright (c) 1999-2006 Intel Corporation.
[    2.104836] Fusion MPT SPI Host driver 3.04.20
[    2.292742] input: ImExPS/2 Generic Explorer Mouse as /devices/platform/i8042/serio1/input/input4
[    2.847252] e1000 0000:00:03.0 eth0: (PCI:33MHz:32-bit) 02:1d:48:b0:d5:b9
[    2.853905] e1000 0000:00:03.0 eth0: Intel(R) PRO/1000 Network Connection
[    2.863833] mptbase: ioc0: Initiating bringup
[    2.869764] e1000 0000:00:03.0 enp0s3: renamed from eth0
[    2.966722] ioc0: LSI53C1030 A0: Capabilities={Initiator}
[    3.222077] scsi host2: ioc0: LSI53C1030 A0, FwRev=00000000h, Ports=1, MaxQ=256, IRQ=20
[    3.397943] scsi 2:0:0:0: Direct-Access     VBOX     HARDDISK         1.0  PQ: 0 ANSI: 5
[    3.847165] scsi target2:0:0: Beginning Domain Validation
[    3.858055] scsi target2:0:0: Domain Validation skipping write tests
[    3.863573] scsi target2:0:0: Ending Domain Validation
[    3.867178] scsi target2:0:0: asynchronous
[    3.872466] scsi 2:0:1:0: Direct-Access     VBOX     HARDDISK         1.0  PQ: 0 ANSI: 5
[    4.177239] scsi target2:0:1: Beginning Domain Validation
[    4.183145] random: fast init done
[    4.190694] scsi target2:0:1: Domain Validation skipping write tests
[    4.196978] scsi target2:0:1: Ending Domain Validation
[    4.200619] scsi target2:0:1: asynchronous
[    4.215271] random: systemd-udevd: uninitialized urandom read (16 bytes read)
[    4.219277] random: systemd-udevd: uninitialized urandom read (16 bytes read)
[    4.223439] random: systemd-udevd: uninitialized urandom read (16 bytes read)
[    4.229736] sd 2:0:0:0: [sda] 20971520 512-byte logical blocks: (10.7 GB/10.0 GiB)
[    4.235999] sd 2:0:0:0: [sda] Write Protect is off
[    4.238565] sd 2:0:0:0: Attached scsi generic sg0 type 0
[    4.242382] sd 2:0:1:0: [sdb] 20480 512-byte logical blocks: (10.5 MB/10.0 MiB)
[    4.250426] sd 2:0:0:0: [sda] Incomplete mode parameter data
[    4.255457] sd 2:0:0:0: [sda] Assuming drive cache: write through
[    4.258785] sd 2:0:1:0: Attached scsi generic sg1 type 0
[    4.264208] sd 2:0:1:0: [sdb] Write Protect is off
[    4.268466] sd 2:0:1:0: [sdb] Incomplete mode parameter data
[    4.274547] sd 2:0:1:0: [sdb] Assuming drive cache: write through
[    4.292261]  sda: sda1
[    4.302736] sd 2:0:0:0: [sda] Attached SCSI disk
[    4.308635] sd 2:0:1:0: [sdb] Attached SCSI disk
Begin: Loading essential drivers ... [   77.864223] INFO: rcu_sched detected stalls on CPUs/tasks:
[   77.864263] raid6: sse2x1   gen() 16824545 MB/s
[   77.869979] 	(detected by 0, t=17815 jiffies, g=-78, c=-79, q=236)
[   77.882055] All QSes seen, last rcu_sched kthread activity 17815 (4294911762-4294893947), jiffies_till_next_fqs=1, root ->qsmask 0x0
[   77.892765] swapper/0       R  running task        0     0      0 0x80000000
[   77.899014] Call Trace:
[   77.901117]  <IRQ>
[   77.903529]  sched_show_task+0xfe/0x130
[   77.906558]  rcu_check_callbacks+0x8d6/0x8e0
[   77.909998]  ? tick_sched_do_timer+0x50/0x50
[   77.913467]  update_process_times+0x2d/0x70
[   77.916733]  tick_sched_handle+0x26/0x70
[   77.921226]  ? tick_sched_do_timer+0x42/0x50
[   77.924642]  tick_sched_timer+0x39/0x80
[   77.927780]  __hrtimer_run_queues+0xdf/0x230
[   77.931178]  hrtimer_interrupt+0xa0/0x1d0
[   77.934382]  smp_apic_timer_interrupt+0x6f/0x140
[   77.938788]  apic_timer_interrupt+0x90/0xa0
[   77.942145]  </IRQ>
[   77.943957] RIP: 0010:native_safe_halt+0x12/0x20
[   77.948150] RSP: 0018:ffffffffa6603e28 EFLAGS: 00010246 ORIG_RAX: ffffffffffffff11
[   77.954669] RAX: ffffffffa5bc3c00 RBX: 0000000000000000 RCX: 0000000000000000
[   77.960098] RDX: 0000000000000000 RSI: 0000000000000000 RDI: 0000000000000000
[   77.965373] RBP: ffffffffa6603e28 R08: 0000000000000002 R09: 0000000000000001
[   77.971246] R10: 0000000000100000 R11: 000000000000026f R12: 0000000000000000
[   77.976573] R13: 0000000000000000 R14: 0000000000000000 R15: 0000000000000000
[   77.981897]  ? __sched_text_end+0x1/0x1
[   77.985777]  default_idle+0x20/0x100
[   77.988650]  arch_cpu_idle+0x15/0x20
[   77.991570]  default_idle_call+0x23/0x30
[   77.994631]  do_idle+0x172/0x1f0
[   77.997317]  cpu_startup_entry+0x73/0x80
[   78.000372]  rest_init+0xae/0xb0
[   78.003719]  start_kernel+0x4dc/0x500
[   78.006949]  x86_64_start_reservations+0x24/0x26
[   78.010386]  x86_64_start_kernel+0x74/0x77
[   78.013499]  secondary_startup_64+0xa5/0xb0
[   78.016972] rcu_sched kthread starved for 17815 jiffies! g18446744073709551538 c18446744073709551537 f0x2 RCU_GP_WAIT_FQS(3) ->state=0x0 ->cpu=1
[   78.027377] rcu_sched       R  running task        0     8      2 0x80000000
[   78.032616] Call Trace:
[   78.035390]  __schedule+0x24e/0x880
[   78.038729]  schedule+0x2c/0x80
[   78.041394]  schedule_timeout+0x15d/0x370
[   78.044700]  ? __next_timer_interrupt+0xe0/0xe0
[   78.048379]  rcu_gp_kthread+0x53a/0x980
[   78.052259]  kthread+0x121/0x140
[   78.055048]  ? rcu_note_context_switch+0x150/0x150
[   78.059024]  ? kthread_create_worker_on_cpu+0x70/0x70
[   78.063272]  ret_from_fork+0x1f/0x40
[   78.108611] raid6: sse2x1   xor()  4508 MB/s
[   78.876430] raid6: sse2x2   gen() 159746 MB/s
[   78.946010] raid6: sse2x2   xor()  6947 MB/s
[   79.010449] raid6: sse2x4   gen() 12194 MB/s
[   79.064123] raid6: sse2x4   xor()  6169 MB/s
[   79.067632] raid6: using algorithm sse2x1 gen() 16824545 MB/s
[   79.074656] raid6: .... xor() 4508 MB/s, rmw enabled
[   79.079349] raid6: using ssse3x2 recovery algorithm
[   79.087920] xor: measuring software checksum speed
[   79.132330]    prefetch64-sse: 15950.000 MB/sec
[   79.172411]    generic_sse: 16426.000 MB/sec
[   79.175470] xor: using function: generic_sse (16426.000 MB/sec)
[   79.182700] async_tx: api initialized (async)
done.
Begin: Running /scripts/init-premount ... done.
Begin: Mounting root file system ... Begin: Running /scripts/local-top ... done.
Begin: Running /scripts/local-premount ... [   79.258843] Btrfs loaded, crc32c=crc32c-intel
Scanning for Btrfs filesystems
done.
Warning: fsck not present, so skipping root file system
[   79.323670] EXT4-fs (sda1): INFO: recovery required on readonly filesystem
[   79.329707] EXT4-fs (sda1): write access will be enabled during recovery
[   79.439780] EXT4-fs (sda1): recovery complete
[   79.444967] EXT4-fs (sda1): mounted filesystem with ordered data mode. Opts: (null)
done.
Begin: Running /scripts/local-bottom ... done.
Begin: Running /scripts/init-bottom ... done.
[   79.706140] ip_tables: (C) 2000-2006 Netfilter Core Team
[   79.728436] systemd[1]: systemd 237 running in system mode. (+PAM +AUDIT +SELINUX +IMA +APPARMOR +SMACK +SYSVINIT +UTMP +LIBCRYPTSETUP +GCRYPT +GNUTLS +ACL +XZ +LZ4 +SECCOMP +BLKID +ELFUTILS +KMOD -IDN2 +IDN -PCRE2 default-hierarchy=hybrid)
[   79.741764] systemd[1]: Detected virtualization oracle.
[   79.745036] systemd[1]: Detected architecture x86-64.

Welcome to [1mUbuntu 18.04.5 LTS[0m!

[   79.778549] systemd[1]: Set hostname to <ubuntu-bionic>.
[   80.192008] systemd[1]: Created slice System Slice.
[[0;32m  OK  [0m] Created slice System Slice.
[   80.211940] systemd[1]: Listening on Syslog Socket.
[[0;32m  OK  [0m] Listening on Syslog Socket.
[   80.233403] systemd[1]: Reached target System Time Synchronized.
[[0;32m  OK  [0m] Reached target System Time Synchronized.
[   80.239955] systemd[1]: Listening on udev Kernel Socket.
[[0;32m  OK  [0m] Listening on udev Kernel Socket.
[   80.246312] systemd[1]: Set up automount Arbitrary Executable File Formats File System Automount Point.
[[0;32m  OK  [0m] Set up automount Arbitrary Executabâ€¦rmats File System Automount Point.
[   80.264996] systemd[1]: Listening on LVM2 poll daemon socket.
[[0;32m  OK  [0m] Listening on LVM2 poll daemon socket.
[[0;32m  OK  [0m] Created slice User and Session Slice.
[[0;32m  OK  [0m] Reached target Slices.
[[0;32m  OK  [0m] Listening on Network Service Netlink Socket.
[[0;32m  OK  [0m] Created slice system-serial\x2dgetty.slice.
[[0;32m  OK  [0m] Started Forward Password Requests to Wall Directory Watch.
[[0;32m  OK  [0m] Reached target User and Group Name Lookups.
[[0;32m  OK  [0m] Listening on udev Control Socket.
[[0;32m  OK  [0m] Listening on Journal Audit Socket.
[[0;32m  OK  [0m] Listening on Device-mapper event daemon FIFOs.
[[0;32m  OK  [0m] Listening on /dev/initctl Compatibility Named Pipe.
[[0;32m  OK  [0m] Listening on LVM2 metadata daemon socket.
[[0;32m  OK  [0m] Listening on Journal Socket (/dev/log).
[[0;32m  OK  [0m] Listening on Journal Socket.
         Mounting POSIX Message Queue File System...
         Mounting Huge Pages File System...
         Mounting Kernel Debug File System...
         Starting Load Kernel Modules...
         Starting Create list of required stâ€¦ce nodes for the current kernel...
         Starting Journal Service...
         Starting Set the console keyboard layout...
         Starting udev Coldplug all Devices...
         Starting Remount Root and Kernel File Systems...
         Starting Monitoring of LVM2 mirrorsâ€¦ng dmeventd or progress polling...
         Starting Uncomplicated firewall...[   80.393944] Loading iSCSI transport class v2.0-870.

[[0;32m  OK  [0m] Reached target Swap.
[[0;32m  OK  [0m] Mounted POSIX Message Queue File System.
[[0;32m  OK  [0m] Mounted Huge Pages File System.
[[0;32m  OK  [0m] Mounted Kernel Debug File System.
[[0;32m  OK  [0m] Started Create list of required staâ€¦vice nodes for the current kernel.
         Starting Create Static Device Nodes in /dev...
[[0;32m  OK  [0m] Started Journal Service.
[[0;32m  OK  [0m] Started udev Coldplug all Devices.
[[0;32m  OK  [0m] Started Uncomplicated firewall.
[[0;32m  OK  [0m] Started LVM2 metadata daemon.
[   80.495818] EXT4-fs (sda1): re-mounted. Opts: (null)
[[0;32m  OK  [0m] Started Remount Root and Kernel File Systems.
         Starting Flush Journal to Persistent Storage...
         Starting Load/Save Random Seed...
[[0;32m  OK  [0m] Started Create Static Device Nodes in /dev.
         Starting udev Kernel Device Manager...
[   80.558995] iscsi: registered transport (tcp)
[   80.582639] systemd-journald[384]: Received request to flush runtime journal from PID 1
[[0;32m  OK  [0m] Started Load/Save Random Seed.
[[0;32m  OK  [0m] Started Monitoring of LVM2 mirrors,â€¦sing dmeventd or progress polling.
[[0;32m  OK  [0m] Started udev Kernel Device Manager.
[[0;32m  OK  [0m] Started Set the console keyboard layout.
[[0;32m  OK  [0m] Reached target Local File Systems (Pre).
         Mounting /vagrant...
[[0;32m  OK  [0m] Reached target Local File Systems.
[   80.714730] systemd-journald[384]: File /var/log/journal/d950d01d0f4e4614972f981488ef2ed4/system.journal corrupted or uncleanly shut down, renaming and replacing.
         Starting Tell Plymouth To Write Out Runtime Data...
         Starting ebtables ruleset management...
         Starting Set console font and keymap...
         Starting AppArmor initialization...
[[0;32m  OK  [0m] Started Dispatch Password Requests to Console Directory Watch.
[[0;32m  OK  [0m] Reached target Local Encrypted Volumes.
[[0;32m  OK  [0m] Started Tell Plymouth To Write Out Runtime Data.
[   80.793463] vgdrvHeartbeatInit: Setting up heartbeat to trigger every 2000 milliseconds
[   80.799136] input: Unspecified device as /devices/pci0000:00/0000:00:04.0/input/input5
[   80.806056] vboxguest: misc device minor 56, IRQ 20, I/O port d020, MMIO at 00000000f0400000 (size 0x400000)
[[0;32m  OK  [0m] Started Set console font and keymap.
[   80.848428] iscsi: registered transport (iser)
[[0;32m  OK  [0m] Started Load Kernel Modules.
         Mounting Kernel Configuration File System...
         Starting Apply Kernel Variables...
         Mounting FUSE Control File System...
[[0;32m  OK  [0m] Mounted Kernel Configuration File System.
[[0;32m  OK  [0m] Mounted FUSE Control File System.
[[0;32m  OK  [0m] Started Apply Kernel Variables.
[[0;32m  OK  [0m] Mounted /vagrant.
[[0;32m  OK  [0m] Started Flush Journal to Persistent Storage.
         Starting Create Volatile Files and Directories...
[[0;32m  OK  [0m] Started Create Volatile Files and Directories.
         Starting Update UTMP about System Boot/Shutdown...
[[0;32m  OK  [0m] Started ebtables ruleset management.
[[0;32m  OK  [0m] Started Update UTMP about System Boot/Shutdown.
[[0;32m  OK  [0m] Found device /dev/ttyS0.
[[0;32m  OK  [0m] Started AppArmor initialization.
         Starting Load AppArmor profiles managed internally by snapd...
         Starting Initial cloud-init job (pre-networking)...
[[0;32m  OK  [0m] Started Load AppArmor profiles managed internally by snapd.
[[0;32m  OK  [0m] Listening on Load/Save RF Kill Switch Status /dev/rfkill Watch.
[   83.025893] cloud-init[521]: Cloud-init v. 20.3-2-g371b392c-0ubuntu1~18.04.1 running 'init-local' at Wed, 02 Dec 2020 14:17:59 +0000. Up 82.79 seconds.
[[0;32m  OK  [0m] Started Initial cloud-init job (pre-networking).
[[0;32m  OK  [0m] Reached target Network (Pre).
         Starting Network Service...
[[0;32m  OK  [0m] Started Network Service.
         Starting Network Name Resolution...
         Starting Wait for Network to be Configured...
[[0;32m  OK  [0m] Started Network Name Resolution.
[[0;32m  OK  [0m] Reached target Host and Network Name Lookups.
[[0;32m  OK  [0m] Reached target Network.
[[0;32m  OK  [0m] Started Wait for Network to be Configured.
         Starting Initial cloud-init job (metadata service crawler)...
[   85.624710] cloud-init[666]: Cloud-init v. 20.3-2-g371b392c-0ubuntu1~18.04.1 running 'init' at Wed, 02 Dec 2020 14:18:02 +0000. Up 85.45 seconds.
[   85.629456] cloud-init[666]: ci-info: ++++++++++++++++++++++++++++++++++++++Net device info++++++++++++++++++++++++++++++++++++++
[   85.632683] cloud-init[666]: ci-info: +--------+------+----------------------------+---------------+--------+-------------------+
[   85.636427] cloud-init[666]: ci-info: | Device |  Up  |          Address           |      Mask     | Scope  |     Hw-Address    |
[   85.640839] cloud-init[666]: ci-info: +--------+------+----------------------------+---------------+--------+-------------------+
[   85.645829] cloud-init[666]: ci-info: | enp0s3 | True |         10.0.2.15          | 255.255.255.0 | global | 02:1d:48:b0:d5:b9 |
[   85.649710] cloud-init[666]: ci-info: | enp0s3 | True | fe80::1d:48ff:feb0:d5b9/64 |       .       |  link  | 02:1d:48:b0:d5:b9 |
[   85.653096] cloud-init[666]: ci-info: |   lo   | True |         127.0.0.1          |   255.0.0.0   |  host  |         .         |
[   85.656875] cloud-init[666]: ci-info: |   lo   | True |          ::1/128           |       .       |  host  |         .         |
[   85.661153] cloud-init[666]: ci-info: +--------+------+----------------------------+---------------+--------+-------------------+
[   85.664626] cloud-init[666]: ci-info: ++++++++++++++++++++++++++++Route IPv4 info+++++++++++++++++++++++++++++
[   85.667919] cloud-init[666]: ci-info: +-------+-------------+----------+-----------------+-----------+-------+
[   85.670976] cloud-init[666]: ci-info: | Route | Destination | Gateway  |     Genmask     | Interface | Flags |
[   85.674110] cloud-init[666]: ci-info: +-------+-------------+----------+-----------------+-----------+-------+
[   85.677909] cloud-init[666]: ci-info: |   0   |   0.0.0.0   | 10.0.2.2 |     0.0.0.0     |   enp0s3  |   UG  |
[   85.681085] cloud-init[666]: ci-info: |   1   |   10.0.2.0  | 0.0.0.0  |  255.255.255.0  |   enp0s3  |   U   |
[   85.684373] cloud-init[666]: ci-info: |   2   |   10.0.2.2  | 0.0.0.0  | 255.255.255.255 |   enp0s3  |   UH  |
[   85.687503] cloud-init[666]: ci-info: +-------+-------------+----------+-----------------+-----------+-------+
[   85.690361] cloud-init[666]: ci-info: +++++++++++++++++++Route IPv6 info+++++++++++++++++++
[   85.694650] cloud-init[666]: ci-info: +-------+-------------+---------+-----------+-------+
[   85.697678] cloud-init[666]: ci-info: | Route | Destination | Gateway | Interface | Flags |
[   85.700342] cloud-init[666]: ci-info: +-------+-------------+---------+-----------+-------+
[   85.702801] cloud-init[666]: ci-info: |   1   |  fe80::/64  |    ::   |   enp0s3  |   U   |
[   85.705312] cloud-init[666]: ci-info: |   3   |    local    |    ::   |   enp0s3  |   U   |
[   85.707545] cloud-init[666]: ci-info: |   4   |   ff00::/8  |    ::   |   enp0s3  |   U   |
[   85.710809] cloud-init[666]: ci-info: +-------+-------------+---------+-----------+-------+
[[0;32m  OK  [0m] Started Initial cloud-init job (metadata service crawler).
[[0;32m  OK  [0m] Reached target Network is Online.
[[0;32m  OK  [0m] Reached target Remote File Systems (Pre).
[[0;32m  OK  [0m] Reached target Remote File Systems.
         Starting Availability of block devices...
[[0;32m  OK  [0m] Reached target Cloud-config availability.
[[0;32m  OK  [0m] Reached target System Initialization.
[[0;32m  OK  [0m] Listening on ACPID Listen Socket.
[[0;32m  OK  [0m] Listening on UUID daemon activation socket.
[[0;32m  OK  [0m] Started Daily apt upgrade and clean activities.
         Starting LXD - unix socket.
[[0;32m  OK  [0m] Started Message of the Day.
[[0;32m  OK  [0m] Started Daily Cleanup of Temporary Directories.
[[0;32m  OK  [0m] Listening on Open-iSCSI iscsid Socket.
[[0;32m  OK  [0m] Started ACPI Events Check.
[[0;32m  OK  [0m] Reached target Paths.
[[0;32m  OK  [0m] Listening on D-Bus System Message Bus Socket.
[[0;32m  OK  [0m] Started Discard unused blocks once a week.
[[0;32m  OK  [0m] Reached target Timers.
         Starting Socket activation for snappy daemon.
[[0;32m  OK  [0m] Started Availability of block devices.
[[0;32m  OK  [0m] Listening on LXD - unix socket.
[[0;32m  OK  [0m] Listening on Socket activation for snappy daemon.
[[0;32m  OK  [0m] Reached target Sockets.
[[0;32m  OK  [0m] Reached target Basic System.
[[0;32m  OK  [0m] Started irqbalance daemon.
         Starting Permit User Sessions...
         Starting Dispatcher daemon for systemd-networkd...
         Starting Login Service...
[[0;32m  OK  [0m] Started D-Bus System Message Bus.
         Starting Accounts Service...
[[0;32m  OK  [0m] Started Regular background program processing daemon.
         Starting LSB: Record successful boot for GRUB...
         Starting LSB: automatic crash report generation...
[[0;32m  OK  [0m] Started FUSE filesystem for LXC.
         Starting Virtualbox guest utils...
         Starting OpenBSD Secure Shell server...
         Starting Snap Daemon...
         Starting System Logging Service...
[[0;32m  OK  [0m] Started Deferred execution scheduler.
         Starting LXD - container startup/shutdown...
[[0;32m  OK  [0m] Started Dispatcher daemon for systemd-networkd.
[[0;32m  OK  [0m] Started Permit User Sessions.
[[0;32m  OK  [0m] Started Login Service.
[[0;32m  OK  [0m] Started OpenBSD Secure Shell server.
[[0;32m  OK  [0m] Started System Logging Service.
         Starting Authorization Manager...
[[0;32m  OK  [0m] Started Unattended Upgrades Shutdown.
         Starting Hold until boot process finishes up...
         Starting Terminate Plymouth Boot Screen...
[[0;32m  OK  [0m] Started LSB: Record successful boot for GRUB.
[[0;32m  OK  [0m] Started Hold until boot process finishes up.
[[0;32m  OK  [0m] Started Terminate Plymouth Boot Screen.
         Starting Set console scheme...
[[0;32m  OK  [0m] Started Serial Getty on ttyS0.
[[0;32m  OK  [0m] Started LSB: automatic crash report generation.
[[0;32m  OK  [0m] Started Set console scheme.
[[0;32m  OK  [0m] Created slice system-getty.slice.
[[0;32m  OK  [0m] Started Getty on tty1.
[[0;32m  OK  [0m] Reached target Login Prompts.
[[0;32m  OK  [0m] Started Authorization Manager.
[[0;32m  OK  [0m] Started Accounts Service.
[[0;32m  OK  [0m] Started Virtualbox guest utils.
[[0;32m  OK  [0m] Started LXD - container startup/shutdown.
[[0;32m  OK  [0m] Created slice User Slice of vagrant.
         Starting User Manager for UID 1000...
[[0;32m  OK  [0m] Started Session 1 of user vagrant.
[[0;32m  OK  [0m] Started User Manager for UID 1000.
[[0;32m  OK  [0m] Started Snap Daemon.
         Starting Wait until snapd is fully seeded...
[[0;32m  OK  [0m] Started Wait until snapd is fully seeded.
[[0;32m  OK  [0m] Reached target Multi-User System.
[[0;32m  OK  [0m] Reached target Graphical Interface.
         Starting Update UTMP about System Runlevel Changes...
         Starting Apply the settings specified in cloud-config...
[[0;32m  OK  [0m] Started Update UTMP about System Runlevel Changes.
[   88.968843] cloud-init[1126]: Cloud-init v. 20.3-2-g371b392c-0ubuntu1~18.04.1 running 'modules:config' at Wed, 02 Dec 2020 14:18:05 +0000. Up 88.87 seconds.
[[0;32m  OK  [0m] Started Apply the settings specified in cloud-config.
         Starting Execute cloud user/final scripts...
[   89.620255] cloud-init[1160]: Cloud-init v. 20.3-2-g371b392c-0ubuntu1~18.04.1 running 'modules:final' at Wed, 02 Dec 2020 14:18:06 +0000. Up 89.46 seconds.
[   89.632654] cloud-init[1160]: Cloud-init v. 20.3-2-g371b392c-0ubuntu1~18.04.1 finished at Wed, 02 Dec 2020 14:18:06 +0000. Datasource DataSourceNoCloud [seed=/dev/sdb][dsmode=net].  Up 89.61 seconds
[[0;32m  OK  [0m] Started Execute cloud user/final scripts.
[[0;32m  OK  [0m] Reached target Cloud-init target.

Ubuntu 18.04.5 LTS ubuntu-bionic ttyS0

ubuntu-bionic login: 